[researchpro.co.uk/index.html]
[researchpro.co.uk/assets/images/favicon.png]
[ajax.googleapis.com/ajax/libs/jquery/1.7/jquery.min.js]
[stackpath.bootstrapcdn.com/font-awesome/4.7.0/css/font-awesome.min.css]
[cdnjs.cloudflare.com/ajax/libs/OwlCarousel2/2.3.4/assets/owl.carousel.min.css]
[maxcdn.bootstrapcdn.com/bootstrap/3.3.7/css/bootstrap.min.css]
[backblue.gif]
[fade.gif]
[index.html]
[researchpro.co.uk/assets/css/style2.css]
[researchpro.co.uk/assets/images/logo.png]
[researchpro.co.uk/about-us.html]
[researchpro.co.uk/assignment.html]
[researchpro.co.uk/proposal-writing.html]
[researchpro.co.uk/dissertation-writing-help.html]
[researchpro.co.uk/abstract-writing.html]
[researchpro.co.uk/literature-review-writing.html]
[researchpro.co.uk/research-methodology.html]
[researchpro.co.uk/proofreading-editing.html]
[researchpro.co.uk/statistical-data-analysis.html]
[researchpro.co.uk/journal-publication.html]
[researchpro.co.uk/contact-us.html]
[researchpro.co.uk/assets/images/sec1_icon1.png]
[researchpro.co.uk/assets/images/sec1_icon2.png]
[researchpro.co.uk/assets/images/sec1_icon3.png]
[researchpro.co.uk/assets/images/sec1_icon4.png]
[researchpro.co.uk/assets/images/sec2_img1.jpg]
[researchpro.co.uk/assets/images/sec2_img2.jpg]
[researchpro.co.uk/assets/images/sec2_img3.jpg]
[researchpro.co.uk/assets/images/sec2_img4.jpg]
[researchpro.co.uk/assets/images/sec3_icon1.png]
[researchpro.co.uk/assets/images/sec3_icon2.png]
[researchpro.co.uk/assets/images/sec3_icon3.png]
[researchpro.co.uk/assets/images/sec3_icon4.png]
[researchpro.co.uk/assets/images/sec3_icon5.png]
[researchpro.co.uk/assets/images/sec3_icon6.png]
[researchpro.co.uk/assets/images/sec4_img1.jpg]
[researchpro.co.uk/assets/images/sec4_img2.jpg]
[researchpro.co.uk/assets/images/sec4_img3.jpg]
[researchpro.co.uk/assets/images/sec4_img4.jpg]
[researchpro.co.uk/assets/images/sec4_img5.jpg]
[researchpro.co.uk/assets/images/sec4_img6.jpg]
[researchpro.co.uk/assets/images/sec4_img7.png]
[researchpro.co.uk/assets/images/sec5_img1.png]
[researchpro.co.uk/assets/images/sec5_img2.png]
[researchpro.co.uk/assets/images/sec5_img3.png]
[researchpro.co.uk/assets/images/sec5_img4.png]
[researchpro.co.uk/assets/images/sec5_img5.png]
[cdn.jsdelivr.net/gh/rtaibah/dubai-font-cdn@master/dubai-font.css]
[use.fontawesome.com/1744f3f671.js]
[researchpro.co.uk/assets/images/sec7_img1.png]
[researchpro.co.uk/assets/images/sec7_img2.png]
[researchpro.co.uk/assets/images/sec7_img3.png]
[researchpro.co.uk/assets/images/sec7_img4.png]
[researchpro.co.uk/assets/images/sec7_img5.png]
[researchpro.co.uk/assets/images/sec7_img6.png]
[researchpro.co.uk/popup.css]
[researchpro.co.uk/animation.css]
[researchpro.co.uk/assets/images/popup-img.png]
[researchpro.co.uk/phd-dissertation-help.html]
[researchpro.co.uk/nursing-dissertation-help.html]
[researchpro.co.uk/law-dissertation-help.html]
[researchpro.co.uk/engineering-dissertation-help.html]
[researchpro.co.uk/business-dissertation-help.html]
[researchpro.co.uk/revision.html]
[researchpro.co.uk/refund.html]
[researchpro.co.uk/terms-conditions.html]
[resiliencei.com/wp-content/uploads/2020/03/secure-stripe-payment-logo.png]
[researchpro.co.uk/assets/images/whatsapp.png]
[code.jquery.com/jquery-1.12.4.min.js]
[researchpro.co.uk/assets/js/jquery.hislide.js]
[maxcdn.bootstrapcdn.com/bootstrap/3.3.7/js/bootstrap.min.js]
[researchpro.co.uk/assets/js/bootstrap-datepicker.min.js]
[cdnjs.cloudflare.com/ajax/libs/OwlCarousel2/2.3.4/owl.carousel.min.js]
[researchpro.co.uk/assets/js/function.js]
[researchpro.co.uk/assets/js/form-validator.js]
[researchpro.co.uk/assets/js/cookie.js]
[researchpro.co.uk/index.html]
[stackpath.bootstrapcdn.com/font-awesome/4.7.0/css/font-awesome.min.css]
[cdnjs.cloudflare.com/ajax/libs/OwlCarousel2/2.3.4/assets/owl.carousel.min.css]
[cdnjs.cloudflare.com/ajax/libs/OwlCarousel2/2.3.4/assets/owl.video.play.png]
[maxcdn.bootstrapcdn.com/bootstrap/3.3.7/css/bootstrap.min.css]
[researchpro.co.uk/assets/images/cross.png]
[researchpro.co.uk/assets/images/main_banner.jpg]
[researchpro.co.uk/assets/images/sec2_bg.jpg]
[researchpro.co.uk/assets/images/sec4_bg.jpg]
[researchpro.co.uk/assets/images/sec6_bg.jpg]
[researchpro.co.uk/assets/images/sec8_bg.jpg]
[researchpro.co.uk/assets/images/about_sec2_bg.jpg]
[researchpro.co.uk/assets/images/proposal_writing.jpg]
[researchpro.co.uk/assets/images/disser_wrtg_hlp.jpg]
[researchpro.co.uk/assets/images/abstract_writing.jpg]
[researchpro.co.uk/assets/images/lit_review_wrtg.jpg]
[researchpro.co.uk/assets/images/bus_diser_hlp.jpg]
[researchpro.co.uk/assets/images/eng_disr_hlp.jpg]
[researchpro.co.uk/assets/images/law_disr_hlp.jpg]
[researchpro.co.uk/assets/images/nursng_disr_hlp.jpg]
[researchpro.co.uk/assets/images/phd_disr_hlp.jpg]
[researchpro.co.uk/assets/images/resrch_methdlgy.jpg]
[researchpro.co.uk/assets/images/proofrdng_edtng.jpg]
[researchpro.co.uk/assets/images/data_analysis.jpg]
[researchpro.co.uk/assets/css/style2.css]
[researchpro.co.uk/assets/images/about_img1.jpg]
[researchpro.co.uk/about-us.html]
[researchpro.co.uk/assets/images/side_banner.jpg]
[researchpro.co.uk/assignment.html]
[researchpro.co.uk/proposal-writing.html]
[researchpro.co.uk/dissertation-writing-help.html]
[researchpro.co.uk/abstract-writing.html]
[researchpro.co.uk/literature-review-writing.html]
[researchpro.co.uk/research-methodology.html]
[researchpro.co.uk/proofreading-editing.html]
[researchpro.co.uk/statistical-data-analysis.html]
[researchpro.co.uk/assets2/css/style2.css]
[researchpro.co.uk/assets2/images/1.png]
[researchpro.co.uk/assets2/images/2.png]
[researchpro.co.uk/assets2/images/3.png]
[researchpro.co.uk/assets2/images/4.png]
[researchpro.co.uk/assets2/images/article-writing-publication/journal-selection.svg]
[researchpro.co.uk/assets2/images/article-writing-publication/journal-submission.svg]
[researchpro.co.uk/assets2/images/article-writing-publication/substantive-editing.svg]
[researchpro.co.uk/assets2/images/article-writing-publication/manuscript-formatting-and-artwork-editing-services.svg]
[researchpro.co.uk/assets2/images/article-writing-publication/revised-rejected-paper-editing.svg]
[researchpro.co.uk/assets2/images/article-writing-publication/plagiarism-check.svg]
[researchpro.co.uk/assets2/images/about-img-1.jpg]
[researchpro.co.uk/assets2/images/about-img-2.jpg]
[researchpro.co.uk/assets/images/article-writing-publication/affordable.svg]
[researchpro.co.uk/assets/images/article-writing-publication/profitable.svg]
[researchpro.co.uk/assets/images/article-writing-publication/secure-ownership.svg]
[researchpro.co.uk/assets/images/article-writing-publication/qualified-experts.svg]
[researchpro.co.uk/assets/images/article-writing-publication/authentic-research.svg]
[researchpro.co.uk/assets/images/article-writing-publication/professional-excellence.svg]
[researchpro.co.uk/journal-publication.html]
[researchpro.co.uk/contact-us.html]
[cdn.jsdelivr.net/gh/rtaibah/dubai-font-cdn@master/dubai-font.css]
[researchpro.co.uk/popup.css]
[researchpro.co.uk/assets2/js/mlib.js]
[researchpro.co.uk/animation.css]
[researchpro.co.uk/phd-dissertation-help.html]
[researchpro.co.uk/nursing-dissertation-help.html]
[researchpro.co.uk/law-dissertation-help.html]
[researchpro.co.uk/engineering-dissertation-help.html]
[researchpro.co.uk/business-dissertation-help.html]
[researchpro.co.uk/revision.html]
[researchpro.co.uk/refund.html]
[researchpro.co.uk/terms-conditions.html]
[researchpro.co.uk/app/request.html]
[researchpro.co.uk/assets2/images/money-back2.html]
[researchpro.co.uk/assets2/images/parllax-banner.png]
[researchpro.co.uk/assets2/images/signup-bg.html]
[researchpro.co.uk/assets2/images/inner-bg.html]
[researchpro.co.uk/assets2/images/innovative-content-writing.png]
[researchpro.co.uk/assets2/images/article-writing-publication/innovative-content-writing.png]
[researchpro.co.uk/assets2/images/proposal-writing/innovative-content-writing.png]
[researchpro.co.uk/assets2/images/wikipedia-profile/innovative-content-writing.png]
[researchpro.co.uk/assets2/css/style2.css]
[researchpro.co.uk/assets2/images/elsevier.html]
[researchpro.co.uk/assets2/images/emerald.html]
[researchpro.co.uk/assets2/images/pubmed.html]
[researchpro.co.uk/assets2/images/scopus.html]
[researchpro.co.uk/assets2/images/wiley.html]
[researchpro.co.uk/assets2/images/article-writing-publication/journal-selection.svg]
[researchpro.co.uk/assets2/images/article-writing-publication/journal-submission.svg]
[researchpro.co.uk/assets2/images/article-writing-publication/substantive-editing.svg]
[researchpro.co.uk/assets2/images/article-writing-publication/manuscript-formatting-and-artwork-editing-services.svg]
[researchpro.co.uk/assets2/images/article-writing-publication/revised-rejected-paper-editing.svg]
[researchpro.co.uk/assets2/images/article-writing-publication/plagiarism-check.svg]
[researchpro.co.uk/assets/images/article-writing-publication/affordable.svg]
[researchpro.co.uk/assets/images/article-writing-publication/profitable.svg]
[researchpro.co.uk/assets/images/article-writing-publication/secure-ownership.svg]
[researchpro.co.uk/assets/images/article-writing-publication/qualified-experts.svg]
[researchpro.co.uk/assets/images/article-writing-publication/authentic-research.svg]
[researchpro.co.uk/assets/images/article-writing-publication/professional-excellence.svg]
[researchpro.co.uk/images/user.html]
[researchpro.co.uk/images/email.html]
[researchpro.co.uk/images/phone-call.html]
[researchpro.co.uk/assets2/images/money-back2.html]
[researchpro.co.uk/assets2/images/signup-bg.html]
[researchpro.co.uk/assets2/images/inner-bg.html]
